RepoMemory sections consulted: core.architecture, core.entrypoints, core.where_to_edit, core.invariants
2026-07-30: Profiled the protected rolling evaluator and aggregate task/database distributions without modifying protected evaluation code.
2026-07-30: Added PLAN.md and kapso_evaluation/eval_profile.md with scoring mechanics, coverage axes, critical-path rate, confirmation points, and freeze time.
2026-07-30: Revised the critical-path target after the registered rolling fast run measured 3.0-3.3 seconds for cache resolution and 5.0-5.2 candidate seconds per tick; the original 3-second total target was I/O-bound.
2026-07-30: Implemented causal per-driver, constructor, standing, qualifying, race, circuit-diversity, entity, calendar, closed-label, and within-cohort feature construction in rel_f1_model.py.
2026-07-30: Added the lane0_driver_position_temporal_rank_v3 shared parquet cache, seeded only with temporally censored fixed training origins and extended atomically by legal rolling snapshots.
2026-07-30: Selected a compact 358-feature 70% cohort-centered LightGBM and 30% MAE CatBoost ensemble using exact forward-origin training-only OOF; added a 20% cohort-mean correction.
2026-07-30: Rejected recency weighting, reliability/pace widening, season-standing widening, ExtraTrees, histogram boosting, LambdaRank, gain-selected companions, CatBoost depth/ordered/has-time variants, and categorical ablations based only on training forward resampling.
2026-07-30: Registered fast rolling preflight completed all 499 validation and 760 test rows with MAE 2.6595038572737923 after cohort correction; protected evaluator source files were not modified.
2026-07-30: Moved 17 MiB of superseded local experiment matrices and OOF artifacts to the desktop trash after registering reusable causal caches in the shared artifact registry; they remain recoverable from trash.
2026-07-30: Full registered evaluation completed without retry and archived run_0002: r2=0.4369139735025912, mae=2.681565536261275, rmse=3.478865710586919.
2026-07-30: Added post-freeze diagnostic slices to eval_profile.md; preseason MAE 3.5582 is the largest coverage-axis loss versus midseason MAE 2.3087.
RepoMemory sections consulted: core.architecture, core.where_to_edit, core.invariants, core.gotchas, core.testing, core.dependencies
2026-07-30: Implemented a local TabPFN 8.2.0 ModelVersion.V2 residual specialist over the exact champion with a maximum 96-column context, clipped residuals, causal OOF supervision, runtime-capped context sampling, and debug/full estimator policies.
2026-07-30: Downloaded the public Prior-Labs TabPFN-v2 regression checkpoint from https://huggingface.co/Prior-Labs/TabPFN-v2-reg/resolve/main/tabpfn-v2-regressor.ckpt and verified SHA-256 2ab5a07d5c41dfe6db9aa7ae106fc6de898326c2765be66505a07e2868c10736; it is a generic pretrained tabular checkpoint and contains no F1 labels.
2026-07-30: Built 6,952 genuine forward-origin champion residual targets from 7,453 official rows; excluded 501 early rows with fewer than 500 causally available earlier training rows.
2026-07-30: Ten inner 1995-2004 folds selected 67 raw numerical features at 70% frequency; with four prediction registers and two derived regime features the final TabPFN context has 73 columns and excludes raw hashed IDs.
2026-07-30: The 2,000x96 one-estimator cold benchmark took 10.85 seconds and the 7,453x96 four-estimator benchmark took 15.47 seconds, so full mode retains four estimators under the 45-second runtime rule.
2026-07-30: The prescribed 0.20+0.35*g_offseason correction improved internal MAE but failed the two-SE gate; the permitted inner-fold check selected 0.20+0.05*g_offseason, which achieved 2.87827 versus 2.88603 MAE, an origin-delta 95% bootstrap interval of [-0.01433,-0.00043], eight season wins, and improved preseason and worst-year strata.
2026-07-30: Registered fast evaluation completed all 499 validation and 760 test rows with r2=0.43898837733296536, mae=2.6762071212452354, and rmse=3.4724517429751285.
