2026-08-09: Profiled immutable evaluator mechanics, split distributions, relational coverage, exact label reconstruction, and encoder throughput. Added PLAN.md and eval_profile.md outside the protected evaluation directory.
RepoMemory sections consulted: core.architecture, core.entrypoints, core.where_to_edit, core.invariants, core.testing, core.gotchas, core.dependencies
2026-08-09: Fast evaluation attempt 1 failed in build_episodes with DuckDB BinderException for ambiguous nct_id after mixed USING/ON joins; replaced the result-side USING joins with explicit base aliases.
2026-08-09: Fast evaluation attempt 2 reached full debug feature construction, then failed when the count-normalization block reintroduced `within_small_cohort`; dropped that duplicate column before joining the full-design count features.
2026-08-09: Fast evaluation attempt 3 completed in 297.66 seconds with valid `(960,)` and `(825,)` outputs and validation ROC-AUC 0.680690 in the deliberately truncated debug pipeline.
2026-08-09: Full run run_0004 completed in 980.19 seconds with official validation ROC-AUC 0.697836; artifact checks passed for both exact shapes. Training-only forward folds selected structured plus temporal semantic neighbors (mean AUC 0.703509) over structured-only (0.685879), while the full count-plus-embedding block (0.705275) remained within one fold standard error and lost the prescribed simplicity tie-break.
2026-08-09: Corrected an exact-compliance gap found after run_0004: when the simpler neighbor design won, the logistic member omitted the solution-mandated raw/PCA embeddings and hashed word/character text. Selection cache v2 now reselects logistic C and blend using those inputs exclusively on the same training-only forward folds.
2026-08-09: Full run run_0008 completed in 1481.91 seconds with the corrected semantic logistic and official validation ROC-AUC 0.704698. Added a new training-only experiment for true phase/source-restricted top-k retrieval; the earlier implementation filtered only the overall top 256, which could not supply k matched neighbors for sparse match strata.
2026-08-09: Rejected the exact matched-pool widening on training-only evidence and terminated its unneeded logistic stage by targeted interrupt. Its 2016--2019 neighbor AUCs were 0.703072, 0.689799, 0.716789, and 0.704031 (mean 0.703423), flat below the retained block's 0.703509 mean with slightly worse dispersion; restored the simpler retrieval cache v1 and selection v2.
2026-08-09: Started the remaining listed semantic ablation: separate title/summary, eligibility, and entity-term retrieval summaries in addition to the combined representation, gated only on the same four training cohorts.
2026-08-09: Kept separate-section retrieval on training-only evidence. Neighbor fold AUCs were 0.695132, 0.694840, 0.725521, and 0.712141 (mean 0.706908 versus 0.703509 retained), while the selected ensemble improved three of four folds; interrupted only the redundant internal final refits after selection cache v4 was durably written because the registered evaluator performs those refits.
2026-08-09: Section attribution measured combined+title retrieval at mean forward AUC 0.706102 with standard deviation 0.013836; eligibility-only widening was 0.703697, entity-only 0.703199, and all sections 0.706908 with standard deviation 0.014811. The all-versus-title edge was below one fold standard error, so the prescribed simplicity/stability rule selected combined plus title retrieval while all three frozen sections remain in the logistic member.
2026-08-09: Frozen final design before the planned 17:30 UTC deadline. Selection v5 retained structured plus combined/title semantic neighbors, 263 trees, logistic C=0.02, and LightGBM weight 0.85; pooled forward OOF AUC was 0.704612. Interrupted only redundant internal final refits after the durable selection checkpoint, to be performed by the registered evaluator.
2026-08-09: Final registered run run_0012 completed in 411.61 seconds with official validation AP 0.778635, accuracy 0.658333, F1 0.734628, and ROC-AUC 0.714429. Prediction contract checks passed; 100-draw bootstrap AUC SE was 0.016019 and site-count slice AUCs were 0.684695, 0.781654, and 0.758750.
2026-08-09: Verified archived run_0006 was promoted through the framework selection mechanism with status final, copied its code plus exact val/test arrays into shared cache, and verified hashes 33b653d6 and 0ccd9f64.
2026-08-09: Implemented exact same-type BioClinical/sponsor/facility bridges, dynamic minimum-five historical support, annual directed restart diffusion, all-history and five-year-half-life route features, depth/threshold screening, cohort-relative transforms, route dropout, and separate validation/test lineages.
2026-08-09: Full run run_0013 built the 13,779 by 648 diffusion cache in 117.54 seconds. Diffusion lost the endpoint blend gate, so the selection-legal pure mart fallback preserved ROC-AUC 0.714429 without changing its predictions.
2026-08-09: Generated matching production OOF predictions for the semantic mart and banked structural graph. Training-only graph weight 0.40 improved all 2017--2019 folds and was frozen before the final registered measurement.
2026-08-09: A local prediction-check command initially pointed at output_data_generic_exp_5 after a grader-isolated debug run and reported missing arrays; the grader correctly wrote them to its temporary KAPSO_RUN_DATA_DIR. Subsequent registered debug checks passed exact `(960,)` and `(825,)` contracts.
RepoMemory sections consulted: core.architecture, core.entrypoints, core.where_to_edit, core.invariants, core.testing, core.gotchas, core.dependencies
