2026-08-11 generic_exp_3 lane 3 content/topic expert
- Began from the staged chronological graph, hazard, and LightGBM champion and isolated new content artifacts with versioned cache keys.
- Evaluation suite left unchanged because it is protected and system-maintained.
- External data source: sentence-transformers/all-MiniLM-L6-v2 pretrained model from Hugging Face; its generic pretrained representation contains no Stack Exchange post-cutoff event labels and is used only on cutoff-valid local text.
RepoMemory sections consulted: core.architecture, core.entrypoints, core.where_to_edit, core.invariants, core.testing, core.gotchas, core.dependencies
2026-08-12 generic_exp_4 lane 0 monthly cold-start replay
- Verified that the campaign controller already promoted archived run_0006 from commit bed3314: its selection status is final and its official validation ROC AUC is 0.904759637058459.
- Read both shared living documents before proposing the N0/N1 replay block; the protected evaluator remains unchanged.
RepoMemory sections consulted: none
2026-08-12 debug confirmation
- Added `cold_replay.py` with 84/12-origin landmark generation, exact badge-window labels, strict N0/N1 authored-state routing, stratified 8:1 negative sampling, overlap and inverse-sampling weights, causal recurrence/cohort/rank/system/EB features, density-ratio weighting, two LightGBM experts, six forward gates, constrained global stacking, clustered bootstrap, and frozen-run fallback.
- Replaced the candidate orchestrator with fingerprint verification, replay/gate/final-fit execution, contract checks, diagnostics, and artifact registration. The 12-origin debug run completed in 77.0 seconds and wrote aligned full-sized arrays; its truncated-history gate correctly rejected and emitted hash-verified run_0006.
2026-08-11 champion reproduction
- Rebuilt the staged champion from an empty lane-3 cache in 996.8 seconds; aligned prediction checks passed and self-measured validation ROC AUC was 0.904006.
- Measured graph replay at 303k–309k events/s and each fixed 500-tree forward fit at approximately four minutes.

2026-08-11 dormant content/topic implementation
- Added event-sourced title/tag reconstruction, tag momentum from every relational event table, owner-level old-question aggregates, cached MiniLM embeddings, fold-local PCA/Ridge/crossing auxiliaries, purged fold gates, slice diagnostics, and separate Model A/Model B final fits.
- Accepted the combined block on three forward folds at mean delta +0.001004 and dormant-slice mean +0.002938; cached its solo content expert and OOF vectors for later ensemble audits.
- Rejected direct PCA owner means, a Yearling proxy merge, and topic-heat multiplication after their forward-fold confirmations failed to improve the frozen combined block.

2026-08-11 registered full evaluation
- Full run_0006 completed in 4757.3 candidate seconds with ROC AUC 0.904759637058459, average precision 0.36167875161908053, accuracy 0.9711638735963912, and F1 0.27851941747572817.
- Paired bootstrap improvement over the reproduced champion was +0.0007535 with SE 0.0002075 and P(improvement)=1.00; no near-tied finalist met the below-0.95 rank-correlation ensemble gate.
- Validation/test 91-day event volumes were 123,048/116,304, and the adjacent-origin profile did not indicate a representativeness inversion.
